// Jest Snapshot v1, https://goo.gl/fbAQLP

exports[`CommentInput Component handles form submission 1`] = `
<body
  class="modal-open"
  data-rr-ui-modal-open=""
  style="padding-right: 1024px;"
>
  <div>
    <form
      class=""
    >
      <div
        class="sc-ciJnBw kroKEN"
      >
        <label
          class="sc-jdkVqZ fKPHZR form-label"
        >
          Review
          <div
            class="sc-kMbQoj gbwijL"
          >
            <div
              class="sc-cCIIiH dyAKMf"
            >
              <span
                class="sc-ilpitK sc-jIJgYh zgbXG eQxvXi"
              >
                ★
              </span>
            </div>
            <div
              class="sc-cCIIiH dyAKMf"
            >
              <span
                class="sc-ilpitK zgbXG"
              >
                ★
              </span>
            </div>
            <div
              class="sc-cCIIiH dyAKMf"
            >
              <span
                class="sc-ilpitK zgbXG"
              >
                ★
              </span>
            </div>
            <div
              class="sc-cCIIiH dyAKMf"
            >
              <span
                class="sc-ilpitK zgbXG"
              >
                ★
              </span>
            </div>
            <div
              class="sc-cCIIiH dyAKMf"
            >
              <span
                class="sc-ilpitK zgbXG"
              >
                ★
              </span>
            </div>
            <input
              class="sc-gXCJSa kQcHUY"
              max="5"
              min="0"
              step="0.5"
              type="number"
              value="1"
            />
             
            /5
          </div>
          <button
            class="btn btn-primary"
            type="submit"
          >
            Send
          </button>
        </label>
        <div
          class="sc-bZCZoC bkWSOt"
        >
          <textarea
            class="form-control"
            placeholder="Enter review here ..."
            rows="3"
          />
        </div>
      </div>
    </form>
  </div>
  <div
    class="fade modal-backdrop show"
  />
  <div
    aria-modal="true"
    class="fade modal show"
    role="dialog"
    style="display: block; padding-right: 0px;"
    tabindex="-1"
  >
    <div
      class="modal-dialog"
    >
      <div
        class="modal-content"
      >
        <div
          class="modal-header"
        >
          <div
            class="modal-title h4"
          >
            Review Status
          </div>
          <button
            aria-label="Close"
            class="btn-close"
            type="button"
          />
        </div>
        <div
          class="modal-body"
        />
        <div
          class="modal-footer"
        >
          <button
            class="btn btn-secondary"
            type="button"
          >
            Close
          </button>
        </div>
      </div>
    </div>
  </div>
</body>
`;
