// Jest Snapshot v1, https://goo.gl/fbAQLP

exports[`Comment Component renders comment details correctly 1`] = `
<body>
  <div>
    <div
      class="sc-gXCJSa iWMtLk card"
    >
      <div
        class="sc-ciJnBw dvZznk card-header"
      >
        <div
          class="sc-ezGUZh bxdEeg"
        >
          <div
            class="sc-hhWzdI RnQUK"
          >
            <span
              class="sc-bYUneI sc-kMbQoj eLouB doquPp"
            >
              ★
            </span>
          </div>
          <div
            class="sc-hhWzdI RnQUK"
          >
            <span
              class="sc-bYUneI sc-kMbQoj eLouB doquPp"
            >
              ★
            </span>
          </div>
          <div
            class="sc-hhWzdI RnQUK"
          >
            <span
              class="sc-bYUneI sc-kMbQoj eLouB doquPp"
            >
              ★
            </span>
          </div>
          <div
            class="sc-hhWzdI RnQUK"
          >
            <span
              class="sc-bYUneI sc-kMbQoj eLouB doquPp"
            >
              ★
            </span>
          </div>
          <div
            class="sc-hhWzdI RnQUK"
          >
            <span
              class="sc-bYUneI sc-kMbQoj eLouB doquPp"
            >
              ★
            </span>
          </div>
          5
           
          /5
        </div>
      </div>
      <div
        class="sc-cCIIiH dCQhKt card-body"
      >
        <p
          class="sc-jdkVqZ kebNMo card-text"
        >
          Test comment
        </p>
        <p
          class="sc-bZCZoC yMTIK card-text"
        >
          author:
          John
           
          <br />
           review id:
        </p>
      </div>
    </div>
  </div>
</body>
`;
