// Jest Snapshot v1, https://goo.gl/fbAQLP

<<<<<<<< HEAD:src/tests/__snapshots__/components/LoginBody.snap.js
exports[`LoginBody component should render login form 1`] = `
========
exports[`LoginBody component should renders login form 1`] = `
>>>>>>>> origin/newTest:src/tests/components/__snapshots__/LoginBody.test.js.snap
<body>
  <div>
    <div
      class="row"
    >
      <div
        class="sc-bcPKhP hohMuK"
      >
        <div
          class="sc-grXZZQ dGlYIN col-md-6 col-12"
          data-testid="login col"
        >
          <h3
            class="sc-dkjKgF hKyBdL"
          >
            Login
          </h3>
          <form
            action="#"
          >
            <div
              class="sc-hLclGa jVqwjC"
            >
              <label
                class="sc-eDnVMP gwrerJ form-label"
              >
                Email address
              </label>
              <input
                class="sc-jSwlEQ gvQgFa form-control"
                name="email"
                placeholder="Email address"
                type="email"
                value=""
              />
            </div>
            <div
              class="sc-hLclGa jVqwjC"
            >
              <label
                class="sc-eDnVMP gwrerJ form-label"
              >
                Password
              </label>
              <input
                class="sc-jSwlEQ gvQgFa form-control"
                name="password"
                placeholder="Password"
                type="password"
                value=""
              />
            </div>
            <button
              class="mb-3 btn btn-primary"
              data-testid="submit-button"
              type="submit"
            >
              Login
            </button>
          </form>
        </div>
      </div>
    </div>
  </div>
</body>
`;
